0 1 1 2 3 5 8 13 21 34 
NULL
Test 100: 0 1 1 2 3 5 8 13 21 34 55 89 
NULL
 [1]  0  1  1  2  3  5  8 13 21 34
